warning: ignoring unsupported tag 'PAGE_OUTLINE_PANEL' at line 1765, file /tmp/doxyfile.3Y8oWo
warning: Tag 'DOT_TRANSPARENT' at line 2788 of file '/tmp/doxyfile.3Y8oWo' has become obsolete.
         To avoid this warning please remove this line from your configuration file or upgrade it using "doxygen -u"
Doxygen version used: 1.10.0 (ebc57c6dd303a980bd19dd74b8b61c8f3f5180ca)
Searching for include files...
Searching for example files...
Searching for images...
Searching for dot files...
Searching for msc files...
Searching for dia files...
Searching for files to exclude
Searching INPUT for files to process...
Searching for files in directory /home/runner/work/hf-isf15acp4-driver/hf-isf15acp4-driver/docs
Searching for files in directory /home/runner/work/hf-isf15acp4-driver/hf-isf15acp4-driver/docs/assets
Searching for files in directory /home/runner/work/hf-isf15acp4-driver/hf-isf15acp4-driver/docs/datasheet
Searching for files in directory /home/runner/work/hf-isf15acp4-driver/hf-isf15acp4-driver/inc
Searching for files in directory /home/runner/work/hf-isf15acp4-driver/hf-isf15acp4-driver/src
Searching for files in directory /home/runner/work/hf-isf15acp4-driver/hf-isf15acp4-driver/examples/esp32/main
Reading and parsing tag files
Parsing files
Reading /home/runner/work/hf-isf15acp4-driver/hf-isf15acp4-driver/README.md...
Reading /home/runner/work/hf-isf15acp4-driver/hf-isf15acp4-driver/docs/animations.md...
Reading /home/runner/work/hf-isf15acp4-driver/hf-isf15acp4-driver/docs/api_reference.md...
Reading /home/runner/work/hf-isf15acp4-driver/hf-isf15acp4-driver/docs/architecture.md...
Reading /home/runner/work/hf-isf15acp4-driver/hf-isf15acp4-driver/docs/cmake_integration.md...
Reading /home/runner/work/hf-isf15acp4-driver/hf-isf15acp4-driver/docs/configuration.md...
Reading /home/runner/work/hf-isf15acp4-driver/hf-isf15acp4-driver/docs/datasheet/index.md...
Reading /home/runner/work/hf-isf15acp4-driver/hf-isf15acp4-driver/docs/examples.md...
Reading /home/runner/work/hf-isf15acp4-driver/hf-isf15acp4-driver/docs/getting_started.md...
Reading /home/runner/work/hf-isf15acp4-driver/hf-isf15acp4-driver/docs/graphics.md...
Reading /home/runner/work/hf-isf15acp4-driver/hf-isf15acp4-driver/docs/graphics_engines.md...
Reading /home/runner/work/hf-isf15acp4-driver/hf-isf15acp4-driver/docs/hardware.md...
Reading /home/runner/work/hf-isf15acp4-driver/hf-isf15acp4-driver/docs/hardware_setup.md...
Reading /home/runner/work/hf-isf15acp4-driver/hf-isf15acp4-driver/docs/index.md...
Reading /home/runner/work/hf-isf15acp4-driver/hf-isf15acp4-driver/docs/installation.md...
Reading /home/runner/work/hf-isf15acp4-driver/hf-isf15acp4-driver/docs/platform_integration.md...
Reading /home/runner/work/hf-isf15acp4-driver/hf-isf15acp4-driver/docs/quickstart.md...
Reading /home/runner/work/hf-isf15acp4-driver/hf-isf15acp4-driver/docs/troubleshooting.md...
Preprocessing /home/runner/work/hf-isf15acp4-driver/hf-isf15acp4-driver/inc/isf15acp4.hpp...
Parsing file /home/runner/work/hf-isf15acp4-driver/hf-isf15acp4-driver/inc/isf15acp4.hpp...
Preprocessing /home/runner/work/hf-isf15acp4-driver/hf-isf15acp4-driver/inc/isf15acp4_animator.hpp...
Parsing file /home/runner/work/hf-isf15acp4-driver/hf-isf15acp4-driver/inc/isf15acp4_animator.hpp...
Preprocessing /home/runner/work/hf-isf15acp4-driver/hf-isf15acp4-driver/inc/isf15acp4_button_ui.hpp...
Parsing file /home/runner/work/hf-isf15acp4-driver/hf-isf15acp4-driver/inc/isf15acp4_button_ui.hpp...
Preprocessing /home/runner/work/hf-isf15acp4-driver/hf-isf15acp4-driver/inc/isf15acp4_canvas.hpp...
Parsing file /home/runner/work/hf-isf15acp4-driver/hf-isf15acp4-driver/inc/isf15acp4_canvas.hpp...
Preprocessing /home/runner/work/hf-isf15acp4-driver/hf-isf15acp4-driver/inc/isf15acp4_font.hpp...
Parsing file /home/runner/work/hf-isf15acp4-driver/hf-isf15acp4-driver/inc/isf15acp4_font.hpp...
Preprocessing /home/runner/work/hf-isf15acp4-driver/hf-isf15acp4-driver/inc/isf15acp4_graphics_context.hpp...
Parsing file /home/runner/work/hf-isf15acp4-driver/hf-isf15acp4-driver/inc/isf15acp4_graphics_context.hpp...
Preprocessing /home/runner/work/hf-isf15acp4-driver/hf-isf15acp4-driver/inc/isf15acp4_graphics_surface.hpp...
Parsing file /home/runner/work/hf-isf15acp4-driver/hf-isf15acp4-driver/inc/isf15acp4_graphics_surface.hpp...
Preprocessing /home/runner/work/hf-isf15acp4-driver/hf-isf15acp4-driver/inc/isf15acp4_spi_interface.hpp...
Parsing file /home/runner/work/hf-isf15acp4-driver/hf-isf15acp4-driver/inc/isf15acp4_spi_interface.hpp...
Preprocessing /home/runner/work/hf-isf15acp4-driver/hf-isf15acp4-driver/inc/isf15acp4_ssd1331.hpp...
Parsing file /home/runner/work/hf-isf15acp4-driver/hf-isf15acp4-driver/inc/isf15acp4_ssd1331.hpp...
Preprocessing /home/runner/work/hf-isf15acp4-driver/hf-isf15acp4-driver/inc/isf15acp4_types.hpp...
Parsing file /home/runner/work/hf-isf15acp4-driver/hf-isf15acp4-driver/inc/isf15acp4_types.hpp...
Preprocessing /home/runner/work/hf-isf15acp4-driver/hf-isf15acp4-driver/src/isf15acp4.ipp...
Parsing file /home/runner/work/hf-isf15acp4-driver/hf-isf15acp4-driver/src/isf15acp4.ipp...
Preprocessing /home/runner/work/hf-isf15acp4-driver/hf-isf15acp4-driver/src/isf15acp4_animator.ipp...
Parsing file /home/runner/work/hf-isf15acp4-driver/hf-isf15acp4-driver/src/isf15acp4_animator.ipp...
Preprocessing /home/runner/work/hf-isf15acp4-driver/hf-isf15acp4-driver/src/isf15acp4_button_ui.ipp...
Parsing file /home/runner/work/hf-isf15acp4-driver/hf-isf15acp4-driver/src/isf15acp4_button_ui.ipp...
Preprocessing /home/runner/work/hf-isf15acp4-driver/hf-isf15acp4-driver/src/isf15acp4_canvas.ipp...
Parsing file /home/runner/work/hf-isf15acp4-driver/hf-isf15acp4-driver/src/isf15acp4_canvas.ipp...
Preprocessing /home/runner/work/hf-isf15acp4-driver/hf-isf15acp4-driver/src/isf15acp4_font_data.cpp...
Parsing file /home/runner/work/hf-isf15acp4-driver/hf-isf15acp4-driver/src/isf15acp4_font_data.cpp...
Preprocessing /home/runner/work/hf-isf15acp4-driver/hf-isf15acp4-driver/src/isf15acp4_graphics_context.ipp...
Parsing file /home/runner/work/hf-isf15acp4-driver/hf-isf15acp4-driver/src/isf15acp4_graphics_context.ipp...
Preprocessing /home/runner/work/hf-isf15acp4-driver/hf-isf15acp4-driver/examples/esp32/main/esp32_isf15acp4_setup.hpp...
Parsing file /home/runner/work/hf-isf15acp4-driver/hf-isf15acp4-driver/examples/esp32/main/esp32_isf15acp4_setup.hpp...
Preprocessing /home/runner/work/hf-isf15acp4-driver/hf-isf15acp4-driver/examples/esp32/main/esp32_isf15acp4_spi_adapter.hpp...
Parsing file /home/runner/work/hf-isf15acp4-driver/hf-isf15acp4-driver/examples/esp32/main/esp32_isf15acp4_spi_adapter.hpp...
Preprocessing /home/runner/work/hf-isf15acp4-driver/hf-isf15acp4-driver/examples/esp32/main/esp32_isf15acp4_test_config.hpp...
Parsing file /home/runner/work/hf-isf15acp4-driver/hf-isf15acp4-driver/examples/esp32/main/esp32_isf15acp4_test_config.hpp...
Preprocessing /home/runner/work/hf-isf15acp4-driver/hf-isf15acp4-driver/examples/esp32/main/isf15acp4_animation_demo.cpp...
Parsing file /home/runner/work/hf-isf15acp4-driver/hf-isf15acp4-driver/examples/esp32/main/isf15acp4_animation_demo.cpp...
Preprocessing /home/runner/work/hf-isf15acp4-driver/hf-isf15acp4-driver/examples/esp32/main/isf15acp4_button_dashboard.cpp...
Parsing file /home/runner/work/hf-isf15acp4-driver/hf-isf15acp4-driver/examples/esp32/main/isf15acp4_button_dashboard.cpp...
Preprocessing /home/runner/work/hf-isf15acp4-driver/hf-isf15acp4-driver/examples/esp32/main/isf15acp4_comprehensive_test.cpp...
Parsing file /home/runner/work/hf-isf15acp4-driver/hf-isf15acp4-driver/examples/esp32/main/isf15acp4_comprehensive_test.cpp...
Preprocessing /home/runner/work/hf-isf15acp4-driver/hf-isf15acp4-driver/examples/esp32/main/isf15acp4_ui_demo.cpp...
Parsing file /home/runner/work/hf-isf15acp4-driver/hf-isf15acp4-driver/examples/esp32/main/isf15acp4_ui_demo.cpp...
Preprocessing /home/runner/work/hf-isf15acp4-driver/hf-isf15acp4-driver/examples/esp32/main/TestFramework.h...
Parsing file /home/runner/work/hf-isf15acp4-driver/hf-isf15acp4-driver/examples/esp32/main/TestFramework.h...
Building macro definition list...
Building group list...
Building directory list...
Building namespace list...
Building file list...
Building class list...
Building concept list...
Computing nesting relations for classes...
Associating documentation with classes...
Associating documentation with concepts...
Associating documentation with modules...
Building example list...
Searching for enumerations...
Searching for documented typedefs...
Searching for members imported via using declarations...
Searching for included using directives...
Searching for documented variables...
Building interface member list...
Building member list...
Searching for friends...
Searching for documented defines...
Computing class inheritance relations...
Computing class usage relations...
Flushing cached template relations that have become invalid...
Computing class relations...
Add enum values to enums...
Searching for member function documentation...
Creating members for template instances...
Building page list...
Search for main page...
Computing page relations...
Determining the scope of groups...
Computing module relations...
Sorting lists...
Determining which enums are documented
Computing member relations...
Building full member lists recursively...
Adding members to member groups.
Computing member references...
Inheriting documentation...
Generating disk names...
Adding source references...
Adding xrefitems...
Sorting member lists...
Setting anonymous enum type...
Computing dependencies between directories...
Generating citations page...
Counting members...
Counting data structures...
Resolving user defined references...
Finding anchors and sections in the documentation...
Transferring function references...
Combining using relations...
Adding members to index pages...
Correcting members for VHDL...
Computing tooltip texts...
Generating style sheet...
Generating search indices...
Generating example documentation...
Generating file sources...
Generating code for file examples/esp32/main/esp32_isf15acp4_setup.hpp...
Generating code for file examples/esp32/main/esp32_isf15acp4_spi_adapter.hpp...
Generating code for file examples/esp32/main/esp32_isf15acp4_test_config.hpp...
Generating code for file examples/esp32/main/TestFramework.h...
Generating code for file inc/isf15acp4.hpp...
Generating code for file inc/isf15acp4_animator.hpp...
Generating code for file inc/isf15acp4_button_ui.hpp...
Generating code for file inc/isf15acp4_canvas.hpp...
Generating code for file inc/isf15acp4_font.hpp...
Generating code for file inc/isf15acp4_graphics_context.hpp...
Generating code for file inc/isf15acp4_graphics_surface.hpp...
Generating code for file inc/isf15acp4_spi_interface.hpp...
Generating code for file inc/isf15acp4_ssd1331.hpp...
Generating code for file inc/isf15acp4_types.hpp...
Generating code for file src/isf15acp4.ipp...
Generating code for file src/isf15acp4_animator.ipp...
Generating code for file src/isf15acp4_button_ui.ipp...
Generating code for file src/isf15acp4_canvas.ipp...
Generating code for file src/isf15acp4_graphics_context.ipp...
Generating file documentation...
Generating docs for file docs/animations.md...
Generating docs for file docs/api_reference.md...
Generating docs for file docs/architecture.md...
Generating docs for file docs/cmake_integration.md...
Generating docs for file docs/configuration.md...
Generating docs for file docs/examples.md...
Generating docs for file docs/getting_started.md...
Generating docs for file docs/graphics.md...
Generating docs for file docs/graphics_engines.md...
Generating docs for file docs/hardware.md...
Generating docs for file docs/hardware_setup.md...
Generating docs for file docs/datasheet/index.md...
Generating docs for file docs/index.md...
Generating docs for file docs/installation.md...
Generating docs for file docs/platform_integration.md...
Generating docs for file docs/quickstart.md...
Generating docs for file docs/troubleshooting.md...
Generating docs for file examples/esp32/main/esp32_isf15acp4_setup.hpp...
Generating docs for file examples/esp32/main/esp32_isf15acp4_spi_adapter.hpp...
Generating docs for file examples/esp32/main/esp32_isf15acp4_test_config.hpp...
Generating docs for file examples/esp32/main/isf15acp4_animation_demo.cpp...
Generating docs for file examples/esp32/main/isf15acp4_button_dashboard.cpp...
Generating docs for file examples/esp32/main/isf15acp4_comprehensive_test.cpp...
Generating docs for file examples/esp32/main/isf15acp4_ui_demo.cpp...
Generati/home/runner/work/hf-isf15acp4-driver/hf-isf15acp4-driver/docs/index.md:43: warning: unable to resolve reference to '/home/runner/work/hf-isf15acp4-driver/hf-isf15acp4-driver/examples/esp32/README.md' for \ref command
ng docs for file examples/esp32/main/TestFramework.h...
Generating docs for file inc/isf15acp4.hpp...
Generating docs for file inc/isf15acp4_animator.hpp...
Generating docs for file inc/isf15acp4_button_ui.hpp...
Generating docs for file inc/isf15acp4_canvas.hpp...
Generating docs for file inc/isf15acp4_font.hpp...
Generating docs for file inc/isf15acp4_graphics_context.hpp...
Generating docs for file inc/isf15acp4_graphics_surface.hpp...
Generating docs for file inc/isf15acp4_spi_interface.hpp...
Generating docs for file inc/isf15acp4_ssd1331.hpp...
Generating docs for file inc/isf15acp4_types.hpp...
Generating docs for file README.md...
Generating docs for file src/isf15acp4.ipp...
Generating docs for file src/isf15acp4_animator.ipp...
Generating docs for file src/isf15acp4_button_ui.ipp...
Generating docs for file src/isf15acp4_canvas.ipp...
Generating docs for file src/isf15acp4_font_data.cpp...
Generating docs for file src/isf15acp4_graphics_context.ipp...
Generating page documentation...
Generating docs for page md_docs_2animations...
Generating docs for page md_docs_2api__reference...
Generating docs for page md_docs_2architecture...
Generating docs for page md_docs_2cmake__integration...
Generating docs for page md_docs_2configuration...
Generating docs for page md_docs_2datasheet_2index...
Generating docs for page md_docs_2examples...
Generating docs for page md_docs_2getting__started...
Generating docs for page md_docs_2graphics...
Generating docs for page md_docs_2graphics__engines...
Generating docs for page md_docs_2hardware...
Generating docs for page md_docs_2hardware__setup...
Generating docs for page md_docs_2index...
Generating docs for page md_docs_2installation...
Generating docs for page md_docs_2platform__integration...
Generating docs for page md_docs_2quickstart...
Generating docs for page md_docs_2troubleshooting...
Generating group documentation...
Generating class documentation...
Generating docs for compound TestResults...
Generating concept documentation...
Generating module documentation...
Generating namespace documentation...
Generating docs for namespace anonymous_namespace{isf15acp4_animation_demo.cpp}
Generating docs for namespace anonymous_namespace{isf15acp4_button_dashboard.cpp}
Generating docs for namespace anonymous_namespace{isf15acp4_ui_demo.cpp}
Generating docs for namespace esp32_isf15acp4
Generating docs for compound esp32_isf15acp4::Esp32SpiAdapter...
Generating docs for compound esp32_isf15acp4::PinConfig...
Generating docs for compound esp32_isf15acp4::SpiBusConfig...
Generating docs for namespace isf15acp4
Generating docs for compound isf15acp4::Animator...
Generating docs for compound isf15acp4::ButtonUI...
Generating docs for compound isf15acp4::Canvas...
Generating docs for compound isf15acp4::DisplayGeometry...
Generating docs for compound isf15acp4::DisplayPresenter...
Generating docs for compound isf15acp4::GraphicsContext...
Generating docs for compound isf15acp4::GraphicsSurface...
Generating docs for compound isf15acp4::Point...
Generating docs for compound isf15acp4::Rect...
Generating docs for compound isf15acp4::SmartDisplay...
Generating docs for compound isf15acp4::SmartDisplayConfig...
Generating docs for compound isf15acp4::SpiInterface...
Generating docs for namespace isf15acp4::animations
Generating docs for compound isf15acp4::animations::PulseButtonState...
Generating docs for compound isf15acp4::animations::ScrollTextState...
Generating docs for namespace isf15acp4::colors
Generating docs for namespace isf15acp4::detail
Generating docs for namespace isf15acp4::font
Generating docs for namespace isf15acp4::ssd1331
Generating docs for compound isf15acp4::ssd1331::InitStep...
Generating graph info page...
Generating directory documentation...
Generating dependency graph for directory docs/datasheet
Generating dependency graph for directory examples/esp32
Generating dependency graph for directory examples
Generating dependency graph for directory inc
Generating dependency graph for directory examples/esp32/main
Generating dependency graph for directory src/home/runner/work/hf-isf15acp4-driver/hf-isf15acp4-driver/README.md:70: warning: unable to resolve reference to '/home/runner/work/hf-isf15acp4-driver/hf-isf15acp4-driver/examples/esp32/README.md' for \ref command

Generating index page...
Generating main page...
Generating page index...
Generating topic index...
Generating module index...
Generating module member index...
Generating namespace index...
Generating namespace member index...
Generating concept index...
Generating annotated compound index...
Generating alphabetical compound index...
Generating hierarchical class index...
Generating graphical class hierarchy...
Generating member index...
Generating file index...
Generating file member index...
Generating example index...
finalizing index lists...
writing tag file...
Running plantuml with JAVA...
Running dot...
Generating dot graphs using 5 parallel threads...
Running dot for graph 1/74
Running dot for graph 2/74
Running dot for graph 3/74
Running dot for graph 4/74
Running dot for graph 5/74
Running dot for graph 6/74
Running dot for graph 7/74
Running dot for graph 8/74
Running dot for graph 9/74
Running dot for graph 10/74
Running dot for graph 11/74
Running dot for graph 12/74
Running dot for graph 13/74
Running dot for graph 14/74
Running dot for graph 15/74
Running dot for graph 16/74
Running dot for graph 17/74
Running dot for graph 18/74
Running dot for graph 19/74
Running dot for graph 20/74
Running dot for graph 21/74
Running dot for graph 22/74
Running dot for graph 23/74
Running dot for graph 24/74
Running dot for graph 25/74
Running dot for graph 26/74
Running dot for graph 27/74
Running dot for graph 28/74
Running dot for graph 29/74
Running dot for graph 30/74
Running dot for graph 31/74
Running dot for graph 32/74
Running dot for graph 33/74
Running dot for graph 34/74
Running dot for graph 35/74
Running dot for graph 36/74
Running dot for graph 37/74
Running dot for graph 38/74
Running dot for graph 39/74
Running dot for graph 40/74
Running dot for graph 41/74
Running dot for graph 42/74
Running dot for graph 43/74
Running dot for graph 44/74
Running dot for graph 45/74
Running dot for graph 46/74
Running dot for graph 47/74
Running dot for graph 48/74
Running dot for graph 49/74
Running dot for graph 50/74
Running dot for graph 51/74
Running dot for graph 52/74
Running dot for graph 53/74
Running dot for graph 54/74
Running dot for graph 55/74
Running dot for graph 56/74
Running dot for graph 57/74
Running dot for graph 58/74
Running dot for graph 59/74
Running dot for graph 60/74
Running dot for graph 61/74
Running dot for graph 62/74
Running dot for graph 63/74
Running dot for graph 64/74
Running dot for graph 65/74
Running dot for graph 66/74
Running dot for graph 67/74
Running dot for graph 68/74
Running dot for graph 69/74
Running dot for graph 70/74
Running dot for graph 71/74
Running dot for graph 72/74
Running dot for graph 73/74
Running dot for graph 74/74
Patching output file 1/110
Patching output file 2/110
Patching output file 3/110
Patching output file 4/110
Patching output file 5/110
Patching output file 6/110
Patching output file 7/110
Patching output file 8/110
Patching output file 9/110
Patching output file 10/110
Patching output file 11/110
Patching output file 12/110
Patching output file 13/110
Patching output file 14/110
Patching output file 15/110
Patching output file 16/110
Patching output file 17/110
Patching output file 18/110
Patching output file 19/110
Patching output file 20/110
Patching output file 21/110
Patching output file 22/110
Patching output file 23/110
Patching output file 24/110
Patching output file 25/110
Patching output file 26/110
Patching output file 27/110
Patching output file 28/110
Patching output file 29/110
Patching output file 30/110
Patching output file 31/110
Patching output file 32/110
Patching output file 33/110
Patching output file 34/110
Patching output file 35/110
Patching output file 36/110
Patching output file 37/110
Patching output file 38/110
Patching output file 39/110
Patching output file 40/110
Patching output file 41/110
Patching output file 42/110
Patching output file 43/110
Patching output file 44/110
Patching output file 45/110
Patching output file 46/110
Patching output file 47/110
Patching output file 48/110
Patching output file 49/110
Patching output file 50/110
Patching output file 51/110
Patching output file 52/110
Patching output file 53/110
Patching output file 54/110
Patching output file 55/110
Patching output file 56/110
Patching output file 57/110
Patching output file 58/110
Patching output file 59/110
Patching output file 60/110
Patching output file 61/110
Patching output file 62/110
Patching output file 63/110
Patching output file 64/110
Patching output file 65/110
Patching output file 66/110
Patching output file 67/110
Patching output file 68/110
Patching output file 69/110
Patching output file 70/110
Patching output file 71/110
Patching output file 72/110
Patching output file 73/110
Patching output file 74/110
Patching output file 75/110
Patching output file 76/110
Patching output file 77/110
Patching output file 78/110
Patching output file 79/110
Patching output file 80/110
Patching output file 81/110
Patching output file 82/110
Patching output file 83/110
Patching output file 84/110
Patching output file 85/110
Patching output file 86/110
Patching output file 87/110
Patching output file 88/110
Patching output file 89/110
Patching output file 90/110
Patching output file 91/110
Patching output file 92/110
Patching output file 93/110
Patching output file 94/110
Patching output file 95/110
Patching output file 96/110
Patching output file 97/110
Patching output file 98/110
Patching output file 99/110
Patching output file 100/110
Patching output file 101/110
Patching output file 102/110
Patching output file 103/110
Patching output file 104/110
Patching output file 105/110
Patching output file 106/110
Patching output file 107/110
Patching output file 108/110
Patching output file 109/110
Patching output file 110/110
type lookup cache used 1173/65536 hits=4789 misses=1208
symbol lookup cache used 1424/65536 hits=7893 misses=1424
finished...
